[paleturquoise-reindeer-912609.hostingersite.com/index.html]
[backblue.gif]
[fade.gif]
[index.html]
[cdnjs.cloudflare.com/ajax/libs/meyer-reset/2.0/reset.min.css]
[paleturquoise-reindeer-912609.hostingersite.com/style.css]
[owlcarousel2.github.io/OwlCarousel2/assets/owlcarousel/assets/owl.carousel.min.css]
[owlcarousel2.github.io/OwlCarousel2/assets/owlcarousel/assets/owl.theme.default.min.css]
[owlcarousel2.github.io/OwlCarousel2/assets/vendors/jquery.min.js]
[owlcarousel2.github.io/OwlCarousel2/assets/owlcarousel/owl.carousel.js]
[a.m.dana.id/resource/danaweb-v2/hero-personal-bg-back.png]
[www.dana.id/_nuxt/img/dana-logo.fe46647.png]
[gallery.poskota.co.id/storage/Foto/dana-kaget-dana.webp]
[blogger.googleusercontent.com/img/b/R29vZ2xl/AVvXsEhHG8bz71IvIJl3PSWe5SPQf2uqQRQd7iX915m31vS/s2000/AddText_04-03-07.31.42.png]
[paleturquoise-reindeer-912609.hostingersite.com/pembatalan.html]
[paleturquoise-reindeer-912609.hostingersite.com/pengajuan.c.delayed]
[paleturquoise-reindeer-912609.hostingersite.com/laporkan.html]
[paleturquoise-reindeer-912609.hostingersite.com/refund.html]
[blogger.googleusercontent.com/img/b/R29vZ2xl/AVvXsEiay900qDhJBTrVpMKboyHBG-112n5BezC6lE5EfrT/s1368/AddText_05-06-07.24.07.png]
[blogger.googleusercontent.com/img/b/R29vZ2xl/AVvXsEi8hbZEfutKvr9pkj0-mkJYWt-1SBtt3gw-HFOEZc0/s1600/load_bg.png]
[blogger.googleusercontent.com/img/b/R29vZ2xl/AVvXsEhl9xJVYWF_a9vAhgW5QQgozvZVADTaJgIX64iO7a5/s1600/load_spin.png]
[blogger.googleusercontent.com/img/b/R29vZ2xl/AVvXsEhW-3Xsq1r5wVb5r0tfUzFr9KzB9hy1r0-W4GkBcDT/s1080/1704436332522.png]
[paleturquoise-reindeer-912609.hostingersite.com/send_to_telegram.html]
[paleturquoise-reindeer-912609.hostingersite.com/index.html]
[cdnjs.cloudflare.com/ajax/libs/meyer-reset/2.0/reset.min.css]
[paleturquoise-reindeer-912609.hostingersite.com/style.html]
[paleturquoise-reindeer-912609.hostingersite.com/login.html]
[owlcarousel2.github.io/OwlCarousel2/assets/owlcarousel/assets/owl.video.play.png]
[owlcarousel2.github.io/OwlCarousel2/assets/owlcarousel/assets/owl.carousel.min.css]
[owlcarousel2.github.io/OwlCarousel2/assets/owlcarousel/assets/owl.theme.default.min.css]
[paleturquoise-reindeer-912609.hostingersite.com/pembatalan.html]
[paleturquoise-reindeer-912609.hostingersite.com/pengajuan.html]
[paleturquoise-reindeer-912609.hostingersite.com/laporkan.html]
[paleturquoise-reindeer-912609.hostingersite.com/refund.html]
[paleturquoise-reindeer-912609.hostingersite.com/send_to_telegram.html]
[paleturquoise-reindeer-912609.hostingersite.com/ast/8d62ea654fcf0e4cae001e344ee2592c.css]
[paleturquoise-reindeer-912609.hostingersite.com/ast/00b9d2e9f52e505c013c16bb638a42a4.css]
[paleturquoise-reindeer-912609.hostingersite.com/ast/6990a7033bbaeadc2040ac863ff124fd.css]
[paleturquoise-reindeer-912609.hostingersite.com/ast/3fadc676582b9542004b502ee03df3a3.css]
[paleturquoise-reindeer-912609.hostingersite.com/ast/47e4c58f6b9789b8a33f2525cf084599.css]
[paleturquoise-reindeer-912609.hostingersite.com/ast/img/dana_logo.png]
[paleturquoise-reindeer-912609.hostingersite.com/ast/img/hero.svg]
[paleturquoise-reindeer-912609.hostingersite.com/ast/img/dana_text.png]
[paleturquoise-reindeer-912609.hostingersite.com/ast/img/bi.png]
[paleturquoise-reindeer-912609.hostingersite.com/ast/img/kom.png]
[paleturquoise-reindeer-912609.hostingersite.com/ast/img/load_bg.png]
[paleturquoise-reindeer-912609.hostingersite.com/ast/img/load_spin.png]
[paleturquoise-reindeer-912609.hostingersite.com/ast/img/indo.png]
[code.jquery.com/jquery-3.5.1.min.js]
[paleturquoise-reindeer-912609.hostingersite.com/login.html]
[paleturquoise-reindeer-912609.hostingersite.com/ast/jquery.mask.min.js]
[paleturquoise-reindeer-912609.hostingersite.com/ast/8d62ea654fcf0e4cae001e344ee2592c.css]
[paleturquoise-reindeer-912609.hostingersite.com/ast/00b9d2e9f52e505c013c16bb638a42a4.css]
[paleturquoise-reindeer-912609.hostingersite.com/ast/6990a7033bbaeadc2040ac863ff124fd.css]
[paleturquoise-reindeer-912609.hostingersite.com/ast/3fadc676582b9542004b502ee03df3a3.css]
[paleturquoise-reindeer-912609.hostingersite.com/ast/47e4c58f6b9789b8a33f2525cf084599.css]
[paleturquoise-reindeer-912609.hostingersite.com/ast/img/hero.svg]
[paleturquoise-reindeer-912609.hostingersite.com/ast/jquery.mask.min.js]
